C:\Users\helde\source\repos\MyVocaList\MyVocaList\MyVocaList.csproj : warning NU1608: Vers├úo detectada do pacote fora da restri├º├úo de depend├¬ncia: Xamarin.AndroidX.Lifecycle.Common.Java8 2.8.7.2 requer Xamarin.AndroidX.Lifecycle.Common (>= 2.8.7.2 && < 2.8.8), mas a vers├úo Xamarin.AndroidX.Lifecycle.Common 2.9.2.1 foi resolvida. [TargetFramework=net10.0-android]
C:\Users\helde\source\repos\MyVocaList\MyVocaList\MyVocaList.csproj : warning NU1903: O pacote 'SQLitePCLRaw.lib.e_sqlite3' 2.1.11 tem uma alta vulnerabilidade de gravidade conhecida, https://github.com/advisories/GHSA-2m69-gcr7-jv3q [TargetFramework=net10.0-android]
C:\Users\helde\source\repos\MyVocaList\MyVocaList\MyVocaList.csproj : warning NU1903: O pacote 'SQLitePCLRaw.lib.e_sqlite3.android' 2.1.11 tem uma alta vulnerabilidade de gravidade conhecida, https://github.com/advisories/GHSA-2m69-gcr7-jv3q [TargetFramework=net10.0-android]
C:\Users\helde\source\repos\MyVocaList\MyVocaList\MyVocaList.csproj : warning NU1903: O pacote 'SQLitePCLRaw.lib.e_sqlite3.ios' 2.1.11 tem uma alta vulnerabilidade de gravidade conhecida, https://github.com/advisories/GHSA-2m69-gcr7-jv3q [TargetFramework=net10.0-android]
C:\Users\helde\source\repos\MyVocaList\Infra\MyVocaList.Infra.csproj : warning NU1903: O pacote 'SQLitePCLRaw.lib.e_sqlite3' 2.1.11 tem uma alta vulnerabilidade de gravidade conhecida, https://github.com/advisories/GHSA-2m69-gcr7-jv3q
  MyVocaList.Contracts -> C:\Users\helde\source\repos\MyVocaList\Contracts\bin\Release\net10.0\MyVocaList.Contracts.dll
  MyVocaList.Domain -> C:\Users\helde\source\repos\MyVocaList\Domain\bin\Release\net10.0\MyVocaList.Domain.dll
  MyVocaList.Services -> C:\Users\helde\source\repos\MyVocaList\Services\bin\Release\net10.0\MyVocaList.Services.dll
  MyVocaList.Infra -> C:\Users\helde\source\repos\MyVocaList\Infra\bin\Release\net10.0\MyVocaList.Infra.dll
CSC : warning DX1000: For evaluation purposes only. Redistribution prohibited. Please register an existing license (devexpress.com/DX1000) or purchase a new license (devexpress.com/BUY) to continue use of the following DevExpress product libraries: DevExpress.Maui* (DXCollectionView, DXCollectionViewBase) - Included in Subscriptions: Universal. License ID: TRIAL. License Source: File (C:\Users\helde\AppData\Roaming\DevExpress\DevExpress_License.txt) [C:\Users\helde\source\repos\MyVocaList\MyVocaList\MyVocaList.csproj::TargetFramework=net10.0-android]
CSC : warning DX1001: For evaluation purposes only. Redistribution prohibited. If you own a licensed/registered version or if you are using a 30-day trial version of DevExpress product libraries on a development machine, download your personal license key (devexpress.com/DX1001) and place DevExpress_License.txt in the following folder: "%AppData%\DevExpress" (Windows) or "$HOME/Library/Application Support/DevExpress" (macOS) or "$HOME/.config/DevExpress" (Linux). Alternatively, download and run the DevExpress Unified Component Installer to automatically activate your license. [C:\Users\helde\source\repos\MyVocaList\MyVocaList\MyVocaList.csproj::TargetFramework=net10.0-android]
C:\Users\helde\source\repos\MyVocaList\MyVocaList\UI\Components\AppBars\SearchAppBar.xaml(31,23): XamlC warning XC0022: Binding could be compiled to improve runtime performance if x:DataType is specified. See https://learn.microsoft.com/dotnet/maui/fundamentals/data-binding/compiled-bindings for more information. [C:\Users\helde\source\repos\MyVocaList\MyVocaList\MyVocaList.csproj::TargetFramework=net10.0-android]
C:\Users\helde\source\repos\MyVocaList\MyVocaList\UI\Components\AppBars\SearchAppBar.xaml(32,23): XamlC warning XC0022: Binding could be compiled to improve runtime performance if x:DataType is specified. See https://learn.microsoft.com/dotnet/maui/fundamentals/data-binding/compiled-bindings for more information. [C:\Users\helde\source\repos\MyVocaList\MyVocaList\MyVocaList.csproj::TargetFramework=net10.0-android]
C:\Users\helde\source\repos\MyVocaList\MyVocaList\UI\Components\AppBars\SearchAppBar.xaml(44,23): XamlC warning XC0022: Binding could be compiled to improve runtime performance if x:DataType is specified. See https://learn.microsoft.com/dotnet/maui/fundamentals/data-binding/compiled-bindings for more information. [C:\Users\helde\source\repos\MyVocaList\MyVocaList\MyVocaList.csproj::TargetFramework=net10.0-android]
C:\Users\helde\source\repos\MyVocaList\MyVocaList\UI\Components\AppBars\SearchAppBar.xaml(50,22): XamlC warning XC0022: Binding could be compiled to improve runtime performance if x:DataType is specified. See https://learn.microsoft.com/dotnet/maui/fundamentals/data-binding/compiled-bindings for more information. [C:\Users\helde\source\repos\MyVocaList\MyVocaList\MyVocaList.csproj::TargetFramework=net10.0-android]
C:\Users\helde\source\repos\MyVocaList\MyVocaList\UI\Components\AppBars\SearchAppBar.xaml(52,22): XamlC warning XC0022: Binding could be compiled to improve runtime performance if x:DataType is specified. See https://learn.microsoft.com/dotnet/maui/fundamentals/data-binding/compiled-bindings for more information. [C:\Users\helde\source\repos\MyVocaList\MyVocaList\MyVocaList.csproj::TargetFramework=net10.0-android]
C:\Users\helde\source\repos\MyVocaList\MyVocaList\UI\Components\AppBars\SearchAppBar.xaml(54,22): XamlC warning XC0022: Binding could be compiled to improve runtime performance if x:DataType is specified. See https://learn.microsoft.com/dotnet/maui/fundamentals/data-binding/compiled-bindings for more information. [C:\Users\helde\source\repos\MyVocaList\MyVocaList\MyVocaList.csproj::TargetFramework=net10.0-android]
C:\Users\helde\source\repos\MyVocaList\MyVocaList\UI\Components\AppBars\SearchAppBar.xaml(59,22): XamlC warning XC0022: Binding could be compiled to improve runtime performance if x:DataType is specified. See https://learn.microsoft.com/dotnet/maui/fundamentals/data-binding/compiled-bindings for more information. [C:\Users\helde\source\repos\MyVocaList\MyVocaList\MyVocaList.csproj::TargetFramework=net10.0-android]
C:\Users\helde\source\repos\MyVocaList\MyVocaList\UI\Components\AppBars\SearchAppBar.xaml(61,22): XamlC warning XC0022: Binding could be compiled to improve runtime performance if x:DataType is specified. See https://learn.microsoft.com/dotnet/maui/fundamentals/data-binding/compiled-bindings for more information. [C:\Users\helde\source\repos\MyVocaList\MyVocaList\MyVocaList.csproj::TargetFramework=net10.0-android]
C:\Users\helde\source\repos\MyVocaList\MyVocaList\UI\Components\AppBars\SearchAppBar.xaml(63,22): XamlC warning XC0022: Binding could be compiled to improve runtime performance if x:DataType is specified. See https://learn.microsoft.com/dotnet/maui/fundamentals/data-binding/compiled-bindings for more information. [C:\Users\helde\source\repos\MyVocaList\MyVocaList\MyVocaList.csproj::TargetFramework=net10.0-android]
C:\Users\helde\source\repos\MyVocaList\MyVocaList\UI\Components\AppBars\SearchAppBar.xaml(68,22): XamlC warning XC0022: Binding could be compiled to improve runtime performance if x:DataType is specified. See https://learn.microsoft.com/dotnet/maui/fundamentals/data-binding/compiled-bindings for more information. [C:\Users\helde\source\repos\MyVocaList\MyVocaList\MyVocaList.csproj::TargetFramework=net10.0-android]
C:\Users\helde\source\repos\MyVocaList\MyVocaList\UI\Components\AppBars\SearchAppBar.xaml(70,22): XamlC warning XC0022: Binding could be compiled to improve runtime performance if x:DataType is specified. See https://learn.microsoft.com/dotnet/maui/fundamentals/data-binding/compiled-bindings for more information. [C:\Users\helde\source\repos\MyVocaList\MyVocaList\MyVocaList.csproj::TargetFramework=net10.0-android]
C:\Users\helde\source\repos\MyVocaList\MyVocaList\UI\Components\AppBars\SearchAppBar.xaml(72,22): XamlC warning XC0022: Binding could be compiled to improve runtime performance if x:DataType is specified. See https://learn.microsoft.com/dotnet/maui/fundamentals/data-binding/compiled-bindings for more information. [C:\Users\helde\source\repos\MyVocaList\MyVocaList\MyVocaList.csproj::TargetFramework=net10.0-android]
C:\Users\helde\source\repos\MyVocaList\MyVocaList\UI\Components\AppBars\SmallAppBar.xaml(22,22): XamlC warning XC0022: Binding could be compiled to improve runtime performance if x:DataType is specified. See https://learn.microsoft.com/dotnet/maui/fundamentals/data-binding/compiled-bindings for more information. [C:\Users\helde\source\repos\MyVocaList\MyVocaList\MyVocaList.csproj::TargetFramework=net10.0-android]
C:\Users\helde\source\repos\MyVocaList\MyVocaList\UI\Components\AppBars\SmallAppBar.xaml(24,22): XamlC warning XC0022: Binding could be compiled to improve runtime performance if x:DataType is specified. See https://learn.microsoft.com/dotnet/maui/fundamentals/data-binding/compiled-bindings for more information. [C:\Users\helde\source\repos\MyVocaList\MyVocaList\MyVocaList.csproj::TargetFramework=net10.0-android]
C:\Users\helde\source\repos\MyVocaList\MyVocaList\UI\Components\AppBars\SmallAppBar.xaml(26,22): XamlC warning XC0022: Binding could be compiled to improve runtime performance if x:DataType is specified. See https://learn.microsoft.com/dotnet/maui/fundamentals/data-binding/compiled-bindings for more information. [C:\Users\helde\source\repos\MyVocaList\MyVocaList\MyVocaList.csproj::TargetFramework=net10.0-android]
C:\Users\helde\source\repos\MyVocaList\MyVocaList\UI\Components\AppBars\SmallAppBar.xaml(34,20): XamlC warning XC0022: Binding could be compiled to improve runtime performance if x:DataType is specified. See https://learn.microsoft.com/dotnet/maui/fundamentals/data-binding/compiled-bindings for more information. [C:\Users\helde\source\repos\MyVocaList\MyVocaList\MyVocaList.csproj::TargetFramework=net10.0-android]
C:\Users\helde\source\repos\MyVocaList\MyVocaList\UI\Components\AppBars\SmallAppBar.xaml(40,20): XamlC warning XC0022: Binding could be compiled to improve runtime performance if x:DataType is specified. See https://learn.microsoft.com/dotnet/maui/fundamentals/data-binding/compiled-bindings for more information. [C:\Users\helde\source\repos\MyVocaList\MyVocaList\MyVocaList.csproj::TargetFramework=net10.0-android]
C:\Users\helde\source\repos\MyVocaList\MyVocaList\UI\Components\AppBars\SmallAppBar.xaml(45,20): XamlC warning XC0022: Binding could be compiled to improve runtime performance if x:DataType is specified. See https://learn.microsoft.com/dotnet/maui/fundamentals/data-binding/compiled-bindings for more information. [C:\Users\helde\source\repos\MyVocaList\MyVocaList\MyVocaList.csproj::TargetFramework=net10.0-android]
C:\Users\helde\source\repos\MyVocaList\MyVocaList\UI\Components\AppBars\SmallAppBar.xaml(51,22): XamlC warning XC0022: Binding could be compiled to improve runtime performance if x:DataType is specified. See https://learn.microsoft.com/dotnet/maui/fundamentals/data-binding/compiled-bindings for more information. [C:\Users\helde\source\repos\MyVocaList\MyVocaList\MyVocaList.csproj::TargetFramework=net10.0-android]
C:\Users\helde\source\repos\MyVocaList\MyVocaList\UI\Components\AppBars\SmallAppBar.xaml(53,22): XamlC warning XC0022: Binding could be compiled to improve runtime performance if x:DataType is specified. See https://learn.microsoft.com/dotnet/maui/fundamentals/data-binding/compiled-bindings for more information. [C:\Users\helde\source\repos\MyVocaList\MyVocaList\MyVocaList.csproj::TargetFramework=net10.0-android]
C:\Users\helde\source\repos\MyVocaList\MyVocaList\UI\Components\AppBars\SmallAppBar.xaml(55,22): XamlC warning XC0022: Binding could be compiled to improve runtime performance if x:DataType is specified. See https://learn.microsoft.com/dotnet/maui/fundamentals/data-binding/compiled-bindings for more information. [C:\Users\helde\source\repos\MyVocaList\MyVocaList\MyVocaList.csproj::TargetFramework=net10.0-android]
C:\Users\helde\source\repos\MyVocaList\MyVocaList\UI\Components\AppBars\SmallAppBar.xaml(60,22): XamlC warning XC0022: Binding could be compiled to improve runtime performance if x:DataType is specified. See https://learn.microsoft.com/dotnet/maui/fundamentals/data-binding/compiled-bindings for more information. [C:\Users\helde\source\repos\MyVocaList\MyVocaList\MyVocaList.csproj::TargetFramework=net10.0-android]
C:\Users\helde\source\repos\MyVocaList\MyVocaList\UI\Components\AppBars\SmallAppBar.xaml(62,22): XamlC warning XC0022: Binding could be compiled to improve runtime performance if x:DataType is specified. See https://learn.microsoft.com/dotnet/maui/fundamentals/data-binding/compiled-bindings for more information. [C:\Users\helde\source\repos\MyVocaList\MyVocaList\MyVocaList.csproj::TargetFramework=net10.0-android]
C:\Users\helde\source\repos\MyVocaList\MyVocaList\UI\Components\AppBars\SmallAppBar.xaml(64,22): XamlC warning XC0022: Binding could be compiled to improve runtime performance if x:DataType is specified. See https://learn.microsoft.com/dotnet/maui/fundamentals/data-binding/compiled-bindings for more information. [C:\Users\helde\source\repos\MyVocaList\MyVocaList\MyVocaList.csproj::TargetFramework=net10.0-android]
C:\Users\helde\source\repos\MyVocaList\MyVocaList\UI\Components\AppBars\SmallAppBar.xaml(69,22): XamlC warning XC0022: Binding could be compiled to improve runtime performance if x:DataType is specified. See https://learn.microsoft.com/dotnet/maui/fundamentals/data-binding/compiled-bindings for more information. [C:\Users\helde\source\repos\MyVocaList\MyVocaList\MyVocaList.csproj::TargetFramework=net10.0-android]
C:\Users\helde\source\repos\MyVocaList\MyVocaList\UI\Components\AppBars\SmallAppBar.xaml(71,22): XamlC warning XC0022: Binding could be compiled to improve runtime performance if x:DataType is specified. See https://learn.microsoft.com/dotnet/maui/fundamentals/data-binding/compiled-bindings for more information. [C:\Users\helde\source\repos\MyVocaList\MyVocaList\MyVocaList.csproj::TargetFramework=net10.0-android]
C:\Users\helde\source\repos\MyVocaList\MyVocaList\UI\Components\AppBars\SmallAppBar.xaml(73,22): XamlC warning XC0022: Binding could be compiled to improve runtime performance if x:DataType is specified. See https://learn.microsoft.com/dotnet/maui/fundamentals/data-binding/compiled-bindings for more information. [C:\Users\helde\source\repos\MyVocaList\MyVocaList\MyVocaList.csproj::TargetFramework=net10.0-android]
C:\Users\helde\source\repos\MyVocaList\MyVocaList\UI\Components\AutocompleteField\AutocompleteField.xaml(20,13): XamlC warning XC0022: Binding could be compiled to improve runtime performance if x:DataType is specified. See https://learn.microsoft.com/dotnet/maui/fundamentals/data-binding/compiled-bindings for more information. [C:\Users\helde\source\repos\MyVocaList\MyVocaList\MyVocaList.csproj::TargetFramework=net10.0-android]
C:\Users\helde\source\repos\MyVocaList\MyVocaList\UI\Components\AutocompleteField\AutocompleteField.xaml(21,13): XamlC warning XC0022: Binding could be compiled to improve runtime performance if x:DataType is specified. See https://learn.microsoft.com/dotnet/maui/fundamentals/data-binding/compiled-bindings for more information. [C:\Users\helde\source\repos\MyVocaList\MyVocaList\MyVocaList.csproj::TargetFramework=net10.0-android]
C:\Users\helde\source\repos\MyVocaList\MyVocaList\UI\Components\CrudListView.xaml(28,25): XamlC warning XC0022: Binding could be compiled to improve runtime performance if x:DataType is specified. See https://learn.microsoft.com/dotnet/maui/fundamentals/data-binding/compiled-bindings for more information. [C:\Users\helde\source\repos\MyVocaList\MyVocaList\MyVocaList.csproj::TargetFramework=net10.0-android]
C:\Users\helde\source\repos\MyVocaList\MyVocaList\UI\Components\CrudListView.xaml(43,24): XamlC warning XC0022: Binding could be compiled to improve runtime performance if x:DataType is specified. See https://learn.microsoft.com/dotnet/maui/fundamentals/data-binding/compiled-bindings for more information. [C:\Users\helde\source\repos\MyVocaList\MyVocaList\MyVocaList.csproj::TargetFramework=net10.0-android]
C:\Users\helde\source\repos\MyVocaList\MyVocaList\UI\Components\CrudListView.xaml(45,24): XamlC warning XC0022: Binding could be compiled to improve runtime performance if x:DataType is specified. See https://learn.microsoft.com/dotnet/maui/fundamentals/data-binding/compiled-bindings for more information. [C:\Users\helde\source\repos\MyVocaList\MyVocaList\MyVocaList.csproj::TargetFramework=net10.0-android]
C:\Users\helde\source\repos\MyVocaList\MyVocaList\UI\Components\CrudListView.xaml(46,24): XamlC warning XC0022: Binding could be compiled to improve runtime performance if x:DataType is specified. See https://learn.microsoft.com/dotnet/maui/fundamentals/data-binding/compiled-bindings for more information. [C:\Users\helde\source\repos\MyVocaList\MyVocaList\MyVocaList.csproj::TargetFramework=net10.0-android]
C:\Users\helde\source\repos\MyVocaList\MyVocaList\UI\Components\CrudListView.xaml(47,24): XamlC warning XC0022: Binding could be compiled to improve runtime performance if x:DataType is specified. See https://learn.microsoft.com/dotnet/maui/fundamentals/data-binding/compiled-bindings for more information. [C:\Users\helde\source\repos\MyVocaList\MyVocaList\MyVocaList.csproj::TargetFramework=net10.0-android]
C:\Users\helde\source\repos\MyVocaList\MyVocaList\UI\Components\CrudListView.xaml(48,24): XamlC warning XC0022: Binding could be compiled to improve runtime performance if x:DataType is specified. See https://learn.microsoft.com/dotnet/maui/fundamentals/data-binding/compiled-bindings for more information. [C:\Users\helde\source\repos\MyVocaList\MyVocaList\MyVocaList.csproj::TargetFramework=net10.0-android]
C:\Users\helde\source\repos\MyVocaList\MyVocaList\UI\Components\CrudListView.xaml(54,24): XamlC warning XC0022: Binding could be compiled to improve runtime performance if x:DataType is specified. See https://learn.microsoft.com/dotnet/maui/fundamentals/data-binding/compiled-bindings for more information. [C:\Users\helde\source\repos\MyVocaList\MyVocaList\MyVocaList.csproj::TargetFramework=net10.0-android]
C:\Users\helde\source\repos\MyVocaList\MyVocaList\UI\Components\CrudListView.xaml(55,24): XamlC warning XC0022: Binding could be compiled to improve runtime performance if x:DataType is specified. See https://learn.microsoft.com/dotnet/maui/fundamentals/data-binding/compiled-bindings for more information. [C:\Users\helde\source\repos\MyVocaList\MyVocaList\MyVocaList.csproj::TargetFramework=net10.0-android]
C:\Users\helde\source\repos\MyVocaList\MyVocaList\UI\Components\CrudListView.xaml(63,13): XamlC warning XC0022: Binding could be compiled to improve runtime performance if x:DataType is specified. See https://learn.microsoft.com/dotnet/maui/fundamentals/data-binding/compiled-bindings for more information. [C:\Users\helde\source\repos\MyVocaList\MyVocaList\MyVocaList.csproj::TargetFramework=net10.0-android]
C:\Users\helde\source\repos\MyVocaList\MyVocaList\UI\Components\CrudListView.xaml(64,13): XamlC warning XC0022: Binding could be compiled to improve runtime performance if x:DataType is specified. See https://learn.microsoft.com/dotnet/maui/fundamentals/data-binding/compiled-bindings for more information. [C:\Users\helde\source\repos\MyVocaList\MyVocaList\MyVocaList.csproj::TargetFramework=net10.0-android]
C:\Users\helde\source\repos\MyVocaList\MyVocaList\UI\Components\CrudListView.xaml(65,13): XamlC warning XC0022: Binding could be compiled to improve runtime performance if x:DataType is specified. See https://learn.microsoft.com/dotnet/maui/fundamentals/data-binding/compiled-bindings for more information. [C:\Users\helde\source\repos\MyVocaList\MyVocaList\MyVocaList.csproj::TargetFramework=net10.0-android]
C:\Users\helde\source\repos\MyVocaList\MyVocaList\UI\Components\CrudListView.xaml(72,13): XamlC warning XC0022: Binding could be compiled to improve runtime performance if x:DataType is specified. See https://learn.microsoft.com/dotnet/maui/fundamentals/data-binding/compiled-bindings for more information. [C:\Users\helde\source\repos\MyVocaList\MyVocaList\MyVocaList.csproj::TargetFramework=net10.0-android]
C:\Users\helde\source\repos\MyVocaList\MyVocaList\UI\Components\CrudListView.xaml(84,17): XamlC warning XC0022: Binding could be compiled to improve runtime performance if x:DataType is specified. See https://learn.microsoft.com/dotnet/maui/fundamentals/data-binding/compiled-bindings for more information. [C:\Users\helde\source\repos\MyVocaList\MyVocaList\MyVocaList.csproj::TargetFramework=net10.0-android]
C:\Users\helde\source\repos\MyVocaList\MyVocaList\UI\Components\CrudListView.xaml(86,17): XamlC warning XC0022: Binding could be compiled to improve runtime performance if x:DataType is specified. See https://learn.microsoft.com/dotnet/maui/fundamentals/data-binding/compiled-bindings for more information. [C:\Users\helde\source\repos\MyVocaList\MyVocaList\MyVocaList.csproj::TargetFramework=net10.0-android]
C:\Users\helde\source\repos\MyVocaList\MyVocaList\UI\Components\CrudListView.xaml(88,17): XamlC warning XC0022: Binding could be compiled to improve runtime performance if x:DataType is specified. See https://learn.microsoft.com/dotnet/maui/fundamentals/data-binding/compiled-bindings for more information. [C:\Users\helde\source\repos\MyVocaList\MyVocaList\MyVocaList.csproj::TargetFramework=net10.0-android]
C:\Users\helde\source\repos\MyVocaList\MyVocaList\UI\Components\CrudListView.xaml(90,17): XamlC warning XC0022: Binding could be compiled to improve runtime performance if x:DataType is specified. See https://learn.microsoft.com/dotnet/maui/fundamentals/data-binding/compiled-bindings for more information. [C:\Users\helde\source\repos\MyVocaList\MyVocaList\MyVocaList.csproj::TargetFramework=net10.0-android]
C:\Users\helde\source\repos\MyVocaList\MyVocaList\UI\Components\CrudListView.xaml(92,17): XamlC warning XC0022: Binding could be compiled to improve runtime performance if x:DataType is specified. See https://learn.microsoft.com/dotnet/maui/fundamentals/data-binding/compiled-bindings for more information. [C:\Users\helde\source\repos\MyVocaList\MyVocaList\MyVocaList.csproj::TargetFramework=net10.0-android]
C:\Users\helde\source\repos\MyVocaList\MyVocaList\UI\Components\CrudListView.xaml(94,17): XamlC warning XC0022: Binding could be compiled to improve runtime performance if x:DataType is specified. See https://learn.microsoft.com/dotnet/maui/fundamentals/data-binding/compiled-bindings for more information. [C:\Users\helde\source\repos\MyVocaList\MyVocaList\MyVocaList.csproj::TargetFramework=net10.0-android]
C:\Users\helde\source\repos\MyVocaList\MyVocaList\UI\Components\CrudListView.xaml(96,26): XamlC warning XC0022: Binding could be compiled to improve runtime performance if x:DataType is specified. See https://learn.microsoft.com/dotnet/maui/fundamentals/data-binding/compiled-bindings for more information. [C:\Users\helde\source\repos\MyVocaList\MyVocaList\MyVocaList.csproj::TargetFramework=net10.0-android]
C:\Users\helde\source\repos\MyVocaList\MyVocaList\UI\Components\CrudListView.xaml(98,26): XamlC warning XC0022: Binding could be compiled to improve runtime performance if x:DataType is specified. See https://learn.microsoft.com/dotnet/maui/fundamentals/data-binding/compiled-bindings for more information. [C:\Users\helde\source\repos\MyVocaList\MyVocaList\MyVocaList.csproj::TargetFramework=net10.0-android]
C:\Users\helde\source\repos\MyVocaList\MyVocaList\UI\Components\CrudListView.xaml(99,26): XamlC warning XC0022: Binding could be compiled to improve runtime performance if x:DataType is specified. See https://learn.microsoft.com/dotnet/maui/fundamentals/data-binding/compiled-bindings for more information. [C:\Users\helde\source\repos\MyVocaList\MyVocaList\MyVocaList.csproj::TargetFramework=net10.0-android]
C:\Users\helde\source\repos\MyVocaList\MyVocaList\UI\Components\CrudListView.xaml(114,24): XamlC warning XC0022: Binding could be compiled to improve runtime performance if x:DataType is specified. See https://learn.microsoft.com/dotnet/maui/fundamentals/data-binding/compiled-bindings for more information. [C:\Users\helde\source\repos\MyVocaList\MyVocaList\MyVocaList.csproj::TargetFramework=net10.0-android]
C:\Users\helde\source\repos\MyVocaList\MyVocaList\UI\Components\CrudListView.xaml(120,30): XamlC warning XC0022: Binding could be compiled to improve runtime performance if x:DataType is specified. See https://learn.microsoft.com/dotnet/maui/fundamentals/data-binding/compiled-bindings for more information. [C:\Users\helde\source\repos\MyVocaList\MyVocaList\MyVocaList.csproj::TargetFramework=net10.0-android]
C:\Users\helde\source\repos\MyVocaList\MyVocaList\UI\Components\CrudListView.xaml(122,30): XamlC warning XC0022: Binding could be compiled to improve runtime performance if x:DataType is specified. See https://learn.microsoft.com/dotnet/maui/fundamentals/data-binding/compiled-bindings for more information. [C:\Users\helde\source\repos\MyVocaList\MyVocaList\MyVocaList.csproj::TargetFramework=net10.0-android]
C:\Users\helde\source\repos\MyVocaList\MyVocaList\UI\Components\CrudListView.xaml(126,30): XamlC warning XC0022: Binding could be compiled to improve runtime performance if x:DataType is specified. See https://learn.microsoft.com/dotnet/maui/fundamentals/data-binding/compiled-bindings for more information. [C:\Users\helde\source\repos\MyVocaList\MyVocaList\MyVocaList.csproj::TargetFramework=net10.0-android]
C:\Users\helde\source\repos\MyVocaList\MyVocaList\UI\Components\CurrentSingerCard.xaml(31,20): XamlC warning XC0022: Binding could be compiled to improve runtime performance if x:DataType is specified. See https://learn.microsoft.com/dotnet/maui/fundamentals/data-binding/compiled-bindings for more information. [C:\Users\helde\source\repos\MyVocaList\MyVocaList\MyVocaList.csproj::TargetFramework=net10.0-android]
C:\Users\helde\source\repos\MyVocaList\MyVocaList\UI\Components\CurrentSingerCard.xaml(41,20): XamlC warning XC0022: Binding could be compiled to improve runtime performance if x:DataType is specified. See https://learn.microsoft.com/dotnet/maui/fundamentals/data-binding/compiled-bindings for more information. [C:\Users\helde\source\repos\MyVocaList\MyVocaList\MyVocaList.csproj::TargetFramework=net10.0-android]
C:\Users\helde\source\repos\MyVocaList\MyVocaList\UI\Components\CurrentSingerCard.xaml(48,20): XamlC warning XC0022: Binding could be compiled to improve runtime performance if x:DataType is specified. See https://learn.microsoft.com/dotnet/maui/fundamentals/data-binding/compiled-bindings for more information. [C:\Users\helde\source\repos\MyVocaList\MyVocaList\MyVocaList.csproj::TargetFramework=net10.0-android]
C:\Users\helde\source\repos\MyVocaList\MyVocaList\UI\Components\CurrentSingerCard.xaml(54,20): XamlC warning XC0022: Binding could be compiled to improve runtime performance if x:DataType is specified. See https://learn.microsoft.com/dotnet/maui/fundamentals/data-binding/compiled-bindings for more information. [C:\Users\helde\source\repos\MyVocaList\MyVocaList\MyVocaList.csproj::TargetFramework=net10.0-android]
C:\Users\helde\source\repos\MyVocaList\MyVocaList\UI\Components\CurrentSingerCard.xaml(65,24): XamlC warning XC0022: Binding could be compiled to improve runtime performance if x:DataType is specified. See https://learn.microsoft.com/dotnet/maui/fundamentals/data-binding/compiled-bindings for more information. [C:\Users\helde\source\repos\MyVocaList\MyVocaList\MyVocaList.csproj::TargetFramework=net10.0-android]
C:\Users\helde\source\repos\MyVocaList\MyVocaList\UI\Components\Lists\ListItemLeadingIcon.xaml(12,9): XamlC warning XC0022: Binding could be compiled to improve runtime performance if x:DataType is specified. See https://learn.microsoft.com/dotnet/maui/fundamentals/data-binding/compiled-bindings for more information. [C:\Users\helde\source\repos\MyVocaList\MyVocaList\MyVocaList.csproj::TargetFramework=net10.0-android]
C:\Users\helde\source\repos\MyVocaList\MyVocaList\UI\Components\Lists\ListItemLeadingIcon.xaml(13,9): XamlC warning XC0022: Binding could be compiled to improve runtime performance if x:DataType is specified. See https://learn.microsoft.com/dotnet/maui/fundamentals/data-binding/compiled-bindings for more information. [C:\Users\helde\source\repos\MyVocaList\MyVocaList\MyVocaList.csproj::TargetFramework=net10.0-android]
C:\Users\helde\source\repos\MyVocaList\MyVocaList\UI\Components\Lists\ListItemLeadingImage.xaml(15,13): XamlC warning XC0022: Binding could be compiled to improve runtime performance if x:DataType is specified. See https://learn.microsoft.com/dotnet/maui/fundamentals/data-binding/compiled-bindings for more information. [C:\Users\helde\source\repos\MyVocaList\MyVocaList\MyVocaList.csproj::TargetFramework=net10.0-android]
C:\Users\helde\source\repos\MyVocaList\MyVocaList\UI\Components\Lists\ListItemLeadingImage.xaml(16,13): XamlC warning XC0022: Binding could be compiled to improve runtime performance if x:DataType is specified. See https://learn.microsoft.com/dotnet/maui/fundamentals/data-binding/compiled-bindings for more information. [C:\Users\helde\source\repos\MyVocaList\MyVocaList\MyVocaList.csproj::TargetFramework=net10.0-android]
C:\Users\helde\source\repos\MyVocaList\MyVocaList\UI\Components\Lists\ListItemLeadingMonogram.xaml(13,9): XamlC warning XC0022: Binding could be compiled to improve runtime performance if x:DataType is specified. See https://learn.microsoft.com/dotnet/maui/fundamentals/data-binding/compiled-bindings for more information. [C:\Users\helde\source\repos\MyVocaList\MyVocaList\MyVocaList.csproj::TargetFramework=net10.0-android]
C:\Users\helde\source\repos\MyVocaList\MyVocaList\UI\Components\Lists\ListItemLeadingMonogram.xaml(16,13): XamlC warning XC0022: Binding could be compiled to improve runtime performance if x:DataType is specified. See https://learn.microsoft.com/dotnet/maui/fundamentals/data-binding/compiled-bindings for more information. [C:\Users\helde\source\repos\MyVocaList\MyVocaList\MyVocaList.csproj::TargetFramework=net10.0-android]
C:\Users\helde\source\repos\MyVocaList\MyVocaList\UI\Components\Lists\ListItemLeadingMonogram.xaml(18,13): XamlC warning XC0022: Binding could be compiled to improve runtime performance if x:DataType is specified. See https://learn.microsoft.com/dotnet/maui/fundamentals/data-binding/compiled-bindings for more information. [C:\Users\helde\source\repos\MyVocaList\MyVocaList\MyVocaList.csproj::TargetFramework=net10.0-android]
C:\Users\helde\source\repos\MyVocaList\MyVocaList\UI\Components\QueueListItem.xaml(21,16): XamlC warning XC0022: Binding could be compiled to improve runtime performance if x:DataType is specified. See https://learn.microsoft.com/dotnet/maui/fundamentals/data-binding/compiled-bindings for more information. [C:\Users\helde\source\repos\MyVocaList\MyVocaList\MyVocaList.csproj::TargetFramework=net10.0-android]
C:\Users\helde\source\repos\MyVocaList\MyVocaList\UI\Components\QueueListItem.xaml(32,16): XamlC warning XC0022: Binding could be compiled to improve runtime performance if x:DataType is specified. See https://learn.microsoft.com/dotnet/maui/fundamentals/data-binding/compiled-bindings for more information. [C:\Users\helde\source\repos\MyVocaList\MyVocaList\MyVocaList.csproj::TargetFramework=net10.0-android]
C:\Users\helde\source\repos\MyVocaList\MyVocaList\UI\Components\QueueListItem.xaml(39,16): XamlC warning XC0022: Binding could be compiled to improve runtime performance if x:DataType is specified. See https://learn.microsoft.com/dotnet/maui/fundamentals/data-binding/compiled-bindings for more information. [C:\Users\helde\source\repos\MyVocaList\MyVocaList\MyVocaList.csproj::TargetFramework=net10.0-android]
C:\Users\helde\source\repos\MyVocaList\MyVocaList\UI\Components\QueueListItem.xaml(52,20): XamlC warning XC0022: Binding could be compiled to improve runtime performance if x:DataType is specified. See https://learn.microsoft.com/dotnet/maui/fundamentals/data-binding/compiled-bindings for more information. [C:\Users\helde\source\repos\MyVocaList\MyVocaList\MyVocaList.csproj::TargetFramework=net10.0-android]
C:\Users\helde\source\repos\MyVocaList\MyVocaList\UI\Components\Sheets\ConfirmSheet.xaml(32,26): XamlC warning XC0022: Binding could be compiled to improve runtime performance if x:DataType is specified. See https://learn.microsoft.com/dotnet/maui/fundamentals/data-binding/compiled-bindings for more information. [C:\Users\helde\source\repos\MyVocaList\MyVocaList\MyVocaList.csproj::TargetFramework=net10.0-android]
C:\Users\helde\source\repos\MyVocaList\MyVocaList\UI\Components\Sheets\ConfirmSheet.xaml(36,26): XamlC warning XC0022: Binding could be compiled to improve runtime performance if x:DataType is specified. See https://learn.microsoft.com/dotnet/maui/fundamentals/data-binding/compiled-bindings for more information. [C:\Users\helde\source\repos\MyVocaList\MyVocaList\MyVocaList.csproj::TargetFramework=net10.0-android]
C:\Users\helde\source\repos\MyVocaList\MyVocaList\UI\Components\States\EmptyState.xaml(22,22): XamlC warning XC0022: Binding could be compiled to improve runtime performance if x:DataType is specified. See https://learn.microsoft.com/dotnet/maui/fundamentals/data-binding/compiled-bindings for more information. [C:\Users\helde\source\repos\MyVocaList\MyVocaList\MyVocaList.csproj::TargetFramework=net10.0-android]
C:\Users\helde\source\repos\MyVocaList\MyVocaList\UI\Components\States\EmptyState.xaml(27,16): XamlC warning XC0022: Binding could be compiled to improve runtime performance if x:DataType is specified. See https://learn.microsoft.com/dotnet/maui/fundamentals/data-binding/compiled-bindings for more information. [C:\Users\helde\source\repos\MyVocaList\MyVocaList\MyVocaList.csproj::TargetFramework=net10.0-android]
C:\Users\helde\source\repos\MyVocaList\MyVocaList\UI\Components\States\EmptyState.xaml(34,16): XamlC warning XC0022: Binding could be compiled to improve runtime performance if x:DataType is specified. See https://learn.microsoft.com/dotnet/maui/fundamentals/data-binding/compiled-bindings for more information. [C:\Users\helde\source\repos\MyVocaList\MyVocaList\MyVocaList.csproj::TargetFramework=net10.0-android]
C:\Users\helde\source\repos\MyVocaList\MyVocaList\UI\Components\Toolbars\FloatingToolbar.xaml(28,26): XamlC warning XC0022: Binding could be compiled to improve runtime performance if x:DataType is specified. See https://learn.microsoft.com/dotnet/maui/fundamentals/data-binding/compiled-bindings for more information. [C:\Users\helde\source\repos\MyVocaList\MyVocaList\MyVocaList.csproj::TargetFramework=net10.0-android]
C:\Users\helde\source\repos\MyVocaList\MyVocaList\UI\Components\Toolbars\FloatingToolbar.xaml(30,26): XamlC warning XC0022: Binding could be compiled to improve runtime performance if x:DataType is specified. See https://learn.microsoft.com/dotnet/maui/fundamentals/data-binding/compiled-bindings for more information. [C:\Users\helde\source\repos\MyVocaList\MyVocaList\MyVocaList.csproj::TargetFramework=net10.0-android]
C:\Users\helde\source\repos\MyVocaList\MyVocaList\UI\Components\Toolbars\FloatingToolbar.xaml(31,26): XamlC warning XC0022: Binding could be compiled to improve runtime performance if x:DataType is specified. See https://learn.microsoft.com/dotnet/maui/fundamentals/data-binding/compiled-bindings for more information. [C:\Users\helde\source\repos\MyVocaList\MyVocaList\MyVocaList.csproj::TargetFramework=net10.0-android]
C:\Users\helde\source\repos\MyVocaList\MyVocaList\UI\Components\Toolbars\FloatingToolbar.xaml(32,26): XamlC warning XC0022: Binding could be compiled to improve runtime performance if x:DataType is specified. See https://learn.microsoft.com/dotnet/maui/fundamentals/data-binding/compiled-bindings for more information. [C:\Users\helde\source\repos\MyVocaList\MyVocaList\MyVocaList.csproj::TargetFramework=net10.0-android]
C:\Users\helde\source\repos\MyVocaList\MyVocaList\UI\Components\Toolbars\FloatingToolbar.xaml(36,26): XamlC warning XC0022: Binding could be compiled to improve runtime performance if x:DataType is specified. See https://learn.microsoft.com/dotnet/maui/fundamentals/data-binding/compiled-bindings for more information. [C:\Users\helde\source\repos\MyVocaList\MyVocaList\MyVocaList.csproj::TargetFramework=net10.0-android]
C:\Users\helde\source\repos\MyVocaList\MyVocaList\UI\Components\Toolbars\FloatingToolbar.xaml(38,26): XamlC warning XC0022: Binding could be compiled to improve runtime performance if x:DataType is specified. See https://learn.microsoft.com/dotnet/maui/fundamentals/data-binding/compiled-bindings for more information. [C:\Users\helde\source\repos\MyVocaList\MyVocaList\MyVocaList.csproj::TargetFramework=net10.0-android]
C:\Users\helde\source\repos\MyVocaList\MyVocaList\UI\Components\Toolbars\FloatingToolbar.xaml(39,26): XamlC warning XC0022: Binding could be compiled to improve runtime performance if x:DataType is specified. See https://learn.microsoft.com/dotnet/maui/fundamentals/data-binding/compiled-bindings for more information. [C:\Users\helde\source\repos\MyVocaList\MyVocaList\MyVocaList.csproj::TargetFramework=net10.0-android]
C:\Users\helde\source\repos\MyVocaList\MyVocaList\UI\Components\Toolbars\FloatingToolbar.xaml(40,26): XamlC warning XC0022: Binding could be compiled to improve runtime performance if x:DataType is specified. See https://learn.microsoft.com/dotnet/maui/fundamentals/data-binding/compiled-bindings for more information. [C:\Users\helde\source\repos\MyVocaList\MyVocaList\MyVocaList.csproj::TargetFramework=net10.0-android]
C:\Users\helde\source\repos\MyVocaList\MyVocaList\UI\Components\Toolbars\FloatingToolbar.xaml(44,26): XamlC warning XC0022: Binding could be compiled to improve runtime performance if x:DataType is specified. See https://learn.microsoft.com/dotnet/maui/fundamentals/data-binding/compiled-bindings for more information. [C:\Users\helde\source\repos\MyVocaList\MyVocaList\MyVocaList.csproj::TargetFramework=net10.0-android]
C:\Users\helde\source\repos\MyVocaList\MyVocaList\UI\Components\Toolbars\FloatingToolbar.xaml(46,26): XamlC warning XC0022: Binding could be compiled to improve runtime performance if x:DataType is specified. See https://learn.microsoft.com/dotnet/maui/fundamentals/data-binding/compiled-bindings for more information. [C:\Users\helde\source\repos\MyVocaList\MyVocaList\MyVocaList.csproj::TargetFramework=net10.0-android]
C:\Users\helde\source\repos\MyVocaList\MyVocaList\UI\Components\Toolbars\FloatingToolbar.xaml(47,26): XamlC warning XC0022: Binding could be compiled to improve runtime performance if x:DataType is specified. See https://learn.microsoft.com/dotnet/maui/fundamentals/data-binding/compiled-bindings for more information. [C:\Users\helde\source\repos\MyVocaList\MyVocaList\MyVocaList.csproj::TargetFramework=net10.0-android]
C:\Users\helde\source\repos\MyVocaList\MyVocaList\UI\Components\Toolbars\FloatingToolbar.xaml(48,26): XamlC warning XC0022: Binding could be compiled to improve runtime performance if x:DataType is specified. See https://learn.microsoft.com/dotnet/maui/fundamentals/data-binding/compiled-bindings for more information. [C:\Users\helde\source\repos\MyVocaList\MyVocaList\MyVocaList.csproj::TargetFramework=net10.0-android]
C:\Users\helde\source\repos\MyVocaList\MyVocaList\UI\Components\Toolbars\FloatingToolbar.xaml(52,26): XamlC warning XC0022: Binding could be compiled to improve runtime performance if x:DataType is specified. See https://learn.microsoft.com/dotnet/maui/fundamentals/data-binding/compiled-bindings for more information. [C:\Users\helde\source\repos\MyVocaList\MyVocaList\MyVocaList.csproj::TargetFramework=net10.0-android]
C:\Users\helde\source\repos\MyVocaList\MyVocaList\UI\Components\Toolbars\FloatingToolbar.xaml(54,26): XamlC warning XC0022: Binding could be compiled to improve runtime performance if x:DataType is specified. See https://learn.microsoft.com/dotnet/maui/fundamentals/data-binding/compiled-bindings for more information. [C:\Users\helde\source\repos\MyVocaList\MyVocaList\MyVocaList.csproj::TargetFramework=net10.0-android]
C:\Users\helde\source\repos\MyVocaList\MyVocaList\UI\Components\Toolbars\FloatingToolbar.xaml(55,26): XamlC warning XC0022: Binding could be compiled to improve runtime performance if x:DataType is specified. See https://learn.microsoft.com/dotnet/maui/fundamentals/data-binding/compiled-bindings for more information. [C:\Users\helde\source\repos\MyVocaList\MyVocaList\MyVocaList.csproj::TargetFramework=net10.0-android]
C:\Users\helde\source\repos\MyVocaList\MyVocaList\UI\Components\Toolbars\FloatingToolbar.xaml(56,26): XamlC warning XC0022: Binding could be compiled to improve runtime performance if x:DataType is specified. See https://learn.microsoft.com/dotnet/maui/fundamentals/data-binding/compiled-bindings for more information. [C:\Users\helde\source\repos\MyVocaList\MyVocaList\MyVocaList.csproj::TargetFramework=net10.0-android]
C:\Users\helde\source\repos\MyVocaList\MyVocaList\UI\Components\Toolbars\FloatingToolbar.xaml(60,26): XamlC warning XC0022: Binding could be compiled to improve runtime performance if x:DataType is specified. See https://learn.microsoft.com/dotnet/maui/fundamentals/data-binding/compiled-bindings for more information. [C:\Users\helde\source\repos\MyVocaList\MyVocaList\MyVocaList.csproj::TargetFramework=net10.0-android]
C:\Users\helde\source\repos\MyVocaList\MyVocaList\UI\Components\Toolbars\FloatingToolbar.xaml(62,26): XamlC warning XC0022: Binding could be compiled to improve runtime performance if x:DataType is specified. See https://learn.microsoft.com/dotnet/maui/fundamentals/data-binding/compiled-bindings for more information. [C:\Users\helde\source\repos\MyVocaList\MyVocaList\MyVocaList.csproj::TargetFramework=net10.0-android]
C:\Users\helde\source\repos\MyVocaList\MyVocaList\UI\Components\Toolbars\FloatingToolbar.xaml(63,26): XamlC warning XC0022: Binding could be compiled to improve runtime performance if x:DataType is specified. See https://learn.microsoft.com/dotnet/maui/fundamentals/data-binding/compiled-bindings for more information. [C:\Users\helde\source\repos\MyVocaList\MyVocaList\MyVocaList.csproj::TargetFramework=net10.0-android]
C:\Users\helde\source\repos\MyVocaList\MyVocaList\UI\Components\Toolbars\FloatingToolbar.xaml(64,26): XamlC warning XC0022: Binding could be compiled to improve runtime performance if x:DataType is specified. See https://learn.microsoft.com/dotnet/maui/fundamentals/data-binding/compiled-bindings for more information. [C:\Users\helde\source\repos\MyVocaList\MyVocaList\MyVocaList.csproj::TargetFramework=net10.0-android]
C:\Users\helde\source\repos\MyVocaList\MyVocaList\UI\Pages\Queue\PersonPickerPage.xaml(30,13): XamlC error XC0009: No property, BindableProperty, or event found for "SelectionChangedCommand", or mismatching type between value and property. [C:\Users\helde\source\repos\MyVocaList\MyVocaList\MyVocaList.csproj::TargetFramework=net10.0-android]

FALHA da compila├º├úo.

C:\Users\helde\source\repos\MyVocaList\MyVocaList\MyVocaList.csproj : warning NU1608: Vers├úo detectada do pacote fora da restri├º├úo de depend├¬ncia: Xamarin.AndroidX.Lifecycle.Common.Java8 2.8.7.2 requer Xamarin.AndroidX.Lifecycle.Common (>= 2.8.7.2 && < 2.8.8), mas a vers├úo Xamarin.AndroidX.Lifecycle.Common 2.9.2.1 foi resolvida. [TargetFramework=net10.0-android]
C:\Users\helde\source\repos\MyVocaList\MyVocaList\MyVocaList.csproj : warning NU1903: O pacote 'SQLitePCLRaw.lib.e_sqlite3' 2.1.11 tem uma alta vulnerabilidade de gravidade conhecida, https://github.com/advisories/GHSA-2m69-gcr7-jv3q [TargetFramework=net10.0-android]
C:\Users\helde\source\repos\MyVocaList\MyVocaList\MyVocaList.csproj : warning NU1903: O pacote 'SQLitePCLRaw.lib.e_sqlite3.android' 2.1.11 tem uma alta vulnerabilidade de gravidade conhecida, https://github.com/advisories/GHSA-2m69-gcr7-jv3q [TargetFramework=net10.0-android]
C:\Users\helde\source\repos\MyVocaList\MyVocaList\MyVocaList.csproj : warning NU1903: O pacote 'SQLitePCLRaw.lib.e_sqlite3.ios' 2.1.11 tem uma alta vulnerabilidade de gravidade conhecida, https://github.com/advisories/GHSA-2m69-gcr7-jv3q [TargetFramework=net10.0-android]
C:\Users\helde\source\repos\MyVocaList\Infra\MyVocaList.Infra.csproj : warning NU1903: O pacote 'SQLitePCLRaw.lib.e_sqlite3' 2.1.11 tem uma alta vulnerabilidade de gravidade conhecida, https://github.com/advisories/GHSA-2m69-gcr7-jv3q
CSC : warning DX1000: For evaluation purposes only. Redistribution prohibited. Please register an existing license (devexpress.com/DX1000) or purchase a new license (devexpress.com/BUY) to continue use of the following DevExpress product libraries: DevExpress.Maui* (DXCollectionView, DXCollectionViewBase) - Included in Subscriptions: Universal. License ID: TRIAL. License Source: File (C:\Users\helde\AppData\Roaming\DevExpress\DevExpress_License.txt) [C:\Users\helde\source\repos\MyVocaList\MyVocaList\MyVocaList.csproj::TargetFramework=net10.0-android]
CSC : warning DX1001: For evaluation purposes only. Redistribution prohibited. If you own a licensed/registered version or if you are using a 30-day trial version of DevExpress product libraries on a development machine, download your personal license key (devexpress.com/DX1001) and place DevExpress_License.txt in the following folder: "%AppData%\DevExpress" (Windows) or "$HOME/Library/Application Support/DevExpress" (macOS) or "$HOME/.config/DevExpress" (Linux). Alternatively, download and run the DevExpress Unified Component Installer to automatically activate your license. [C:\Users\helde\source\repos\MyVocaList\MyVocaList\MyVocaList.csproj::TargetFramework=net10.0-android]
C:\Users\helde\source\repos\MyVocaList\MyVocaList\UI\Components\AppBars\SearchAppBar.xaml(31,23): XamlC warning XC0022: Binding could be compiled to improve runtime performance if x:DataType is specified. See https://learn.microsoft.com/dotnet/maui/fundamentals/data-binding/compiled-bindings for more information. [C:\Users\helde\source\repos\MyVocaList\MyVocaList\MyVocaList.csproj::TargetFramework=net10.0-android]
C:\Users\helde\source\repos\MyVocaList\MyVocaList\UI\Components\AppBars\SearchAppBar.xaml(32,23): XamlC warning XC0022: Binding could be compiled to improve runtime performance if x:DataType is specified. See https://learn.microsoft.com/dotnet/maui/fundamentals/data-binding/compiled-bindings for more information. [C:\Users\helde\source\repos\MyVocaList\MyVocaList\MyVocaList.csproj::TargetFramework=net10.0-android]
C:\Users\helde\source\repos\MyVocaList\MyVocaList\UI\Components\AppBars\SearchAppBar.xaml(44,23): XamlC warning XC0022: Binding could be compiled to improve runtime performance if x:DataType is specified. See https://learn.microsoft.com/dotnet/maui/fundamentals/data-binding/compiled-bindings for more information. [C:\Users\helde\source\repos\MyVocaList\MyVocaList\MyVocaList.csproj::TargetFramework=net10.0-android]
C:\Users\helde\source\repos\MyVocaList\MyVocaList\UI\Components\AppBars\SearchAppBar.xaml(50,22): XamlC warning XC0022: Binding could be compiled to improve runtime performance if x:DataType is specified. See https://learn.microsoft.com/dotnet/maui/fundamentals/data-binding/compiled-bindings for more information. [C:\Users\helde\source\repos\MyVocaList\MyVocaList\MyVocaList.csproj::TargetFramework=net10.0-android]
C:\Users\helde\source\repos\MyVocaList\MyVocaList\UI\Components\AppBars\SearchAppBar.xaml(52,22): XamlC warning XC0022: Binding could be compiled to improve runtime performance if x:DataType is specified. See https://learn.microsoft.com/dotnet/maui/fundamentals/data-binding/compiled-bindings for more information. [C:\Users\helde\source\repos\MyVocaList\MyVocaList\MyVocaList.csproj::TargetFramework=net10.0-android]
C:\Users\helde\source\repos\MyVocaList\MyVocaList\UI\Components\AppBars\SearchAppBar.xaml(54,22): XamlC warning XC0022: Binding could be compiled to improve runtime performance if x:DataType is specified. See https://learn.microsoft.com/dotnet/maui/fundamentals/data-binding/compiled-bindings for more information. [C:\Users\helde\source\repos\MyVocaList\MyVocaList\MyVocaList.csproj::TargetFramework=net10.0-android]
C:\Users\helde\source\repos\MyVocaList\MyVocaList\UI\Components\AppBars\SearchAppBar.xaml(59,22): XamlC warning XC0022: Binding could be compiled to improve runtime performance if x:DataType is specified. See https://learn.microsoft.com/dotnet/maui/fundamentals/data-binding/compiled-bindings for more information. [C:\Users\helde\source\repos\MyVocaList\MyVocaList\MyVocaList.csproj::TargetFramework=net10.0-android]
C:\Users\helde\source\repos\MyVocaList\MyVocaList\UI\Components\AppBars\SearchAppBar.xaml(61,22): XamlC warning XC0022: Binding could be compiled to improve runtime performance if x:DataType is specified. See https://learn.microsoft.com/dotnet/maui/fundamentals/data-binding/compiled-bindings for more information. [C:\Users\helde\source\repos\MyVocaList\MyVocaList\MyVocaList.csproj::TargetFramework=net10.0-android]
C:\Users\helde\source\repos\MyVocaList\MyVocaList\UI\Components\AppBars\SearchAppBar.xaml(63,22): XamlC warning XC0022: Binding could be compiled to improve runtime performance if x:DataType is specified. See https://learn.microsoft.com/dotnet/maui/fundamentals/data-binding/compiled-bindings for more information. [C:\Users\helde\source\repos\MyVocaList\MyVocaList\MyVocaList.csproj::TargetFramework=net10.0-android]
C:\Users\helde\source\repos\MyVocaList\MyVocaList\UI\Components\AppBars\SearchAppBar.xaml(68,22): XamlC warning XC0022: Binding could be compiled to improve runtime performance if x:DataType is specified. See https://learn.microsoft.com/dotnet/maui/fundamentals/data-binding/compiled-bindings for more information. [C:\Users\helde\source\repos\MyVocaList\MyVocaList\MyVocaList.csproj::TargetFramework=net10.0-android]
C:\Users\helde\source\repos\MyVocaList\MyVocaList\UI\Components\AppBars\SearchAppBar.xaml(70,22): XamlC warning XC0022: Binding could be compiled to improve runtime performance if x:DataType is specified. See https://learn.microsoft.com/dotnet/maui/fundamentals/data-binding/compiled-bindings for more information. [C:\Users\helde\source\repos\MyVocaList\MyVocaList\MyVocaList.csproj::TargetFramework=net10.0-android]
C:\Users\helde\source\repos\MyVocaList\MyVocaList\UI\Components\AppBars\SearchAppBar.xaml(72,22): XamlC warning XC0022: Binding could be compiled to improve runtime performance if x:DataType is specified. See https://learn.microsoft.com/dotnet/maui/fundamentals/data-binding/compiled-bindings for more information. [C:\Users\helde\source\repos\MyVocaList\MyVocaList\MyVocaList.csproj::TargetFramework=net10.0-android]
C:\Users\helde\source\repos\MyVocaList\MyVocaList\UI\Components\AppBars\SmallAppBar.xaml(22,22): XamlC warning XC0022: Binding could be compiled to improve runtime performance if x:DataType is specified. See https://learn.microsoft.com/dotnet/maui/fundamentals/data-binding/compiled-bindings for more information. [C:\Users\helde\source\repos\MyVocaList\MyVocaList\MyVocaList.csproj::TargetFramework=net10.0-android]
C:\Users\helde\source\repos\MyVocaList\MyVocaList\UI\Components\AppBars\SmallAppBar.xaml(24,22): XamlC warning XC0022: Binding could be compiled to improve runtime performance if x:DataType is specified. See https://learn.microsoft.com/dotnet/maui/fundamentals/data-binding/compiled-bindings for more information. [C:\Users\helde\source\repos\MyVocaList\MyVocaList\MyVocaList.csproj::TargetFramework=net10.0-android]
C:\Users\helde\source\repos\MyVocaList\MyVocaList\UI\Components\AppBars\SmallAppBar.xaml(26,22): XamlC warning XC0022: Binding could be compiled to improve runtime performance if x:DataType is specified. See https://learn.microsoft.com/dotnet/maui/fundamentals/data-binding/compiled-bindings for more information. [C:\Users\helde\source\repos\MyVocaList\MyVocaList\MyVocaList.csproj::TargetFramework=net10.0-android]
C:\Users\helde\source\repos\MyVocaList\MyVocaList\UI\Components\AppBars\SmallAppBar.xaml(34,20): XamlC warning XC0022: Binding could be compiled to improve runtime performance if x:DataType is specified. See https://learn.microsoft.com/dotnet/maui/fundamentals/data-binding/compiled-bindings for more information. [C:\Users\helde\source\repos\MyVocaList\MyVocaList\MyVocaList.csproj::TargetFramework=net10.0-android]
C:\Users\helde\source\repos\MyVocaList\MyVocaList\UI\Components\AppBars\SmallAppBar.xaml(40,20): XamlC warning XC0022: Binding could be compiled to improve runtime performance if x:DataType is specified. See https://learn.microsoft.com/dotnet/maui/fundamentals/data-binding/compiled-bindings for more information. [C:\Users\helde\source\repos\MyVocaList\MyVocaList\MyVocaList.csproj::TargetFramework=net10.0-android]
C:\Users\helde\source\repos\MyVocaList\MyVocaList\UI\Components\AppBars\SmallAppBar.xaml(45,20): XamlC warning XC0022: Binding could be compiled to improve runtime performance if x:DataType is specified. See https://learn.microsoft.com/dotnet/maui/fundamentals/data-binding/compiled-bindings for more information. [C:\Users\helde\source\repos\MyVocaList\MyVocaList\MyVocaList.csproj::TargetFramework=net10.0-android]
C:\Users\helde\source\repos\MyVocaList\MyVocaList\UI\Components\AppBars\SmallAppBar.xaml(51,22): XamlC warning XC0022: Binding could be compiled to improve runtime performance if x:DataType is specified. See https://learn.microsoft.com/dotnet/maui/fundamentals/data-binding/compiled-bindings for more information. [C:\Users\helde\source\repos\MyVocaList\MyVocaList\MyVocaList.csproj::TargetFramework=net10.0-android]
C:\Users\helde\source\repos\MyVocaList\MyVocaList\UI\Components\AppBars\SmallAppBar.xaml(53,22): XamlC warning XC0022: Binding could be compiled to improve runtime performance if x:DataType is specified. See https://learn.microsoft.com/dotnet/maui/fundamentals/data-binding/compiled-bindings for more information. [C:\Users\helde\source\repos\MyVocaList\MyVocaList\MyVocaList.csproj::TargetFramework=net10.0-android]
C:\Users\helde\source\repos\MyVocaList\MyVocaList\UI\Components\AppBars\SmallAppBar.xaml(55,22): XamlC warning XC0022: Binding could be compiled to improve runtime performance if x:DataType is specified. See https://learn.microsoft.com/dotnet/maui/fundamentals/data-binding/compiled-bindings for more information. [C:\Users\helde\source\repos\MyVocaList\MyVocaList\MyVocaList.csproj::TargetFramework=net10.0-android]
C:\Users\helde\source\repos\MyVocaList\MyVocaList\UI\Components\AppBars\SmallAppBar.xaml(60,22): XamlC warning XC0022: Binding could be compiled to improve runtime performance if x:DataType is specified. See https://learn.microsoft.com/dotnet/maui/fundamentals/data-binding/compiled-bindings for more information. [C:\Users\helde\source\repos\MyVocaList\MyVocaList\MyVocaList.csproj::TargetFramework=net10.0-android]
C:\Users\helde\source\repos\MyVocaList\MyVocaList\UI\Components\AppBars\SmallAppBar.xaml(62,22): XamlC warning XC0022: Binding could be compiled to improve runtime performance if x:DataType is specified. See https://learn.microsoft.com/dotnet/maui/fundamentals/data-binding/compiled-bindings for more information. [C:\Users\helde\source\repos\MyVocaList\MyVocaList\MyVocaList.csproj::TargetFramework=net10.0-android]
C:\Users\helde\source\repos\MyVocaList\MyVocaList\UI\Components\AppBars\SmallAppBar.xaml(64,22): XamlC warning XC0022: Binding could be compiled to improve runtime performance if x:DataType is specified. See https://learn.microsoft.com/dotnet/maui/fundamentals/data-binding/compiled-bindings for more information. [C:\Users\helde\source\repos\MyVocaList\MyVocaList\MyVocaList.csproj::TargetFramework=net10.0-android]
C:\Users\helde\source\repos\MyVocaList\MyVocaList\UI\Components\AppBars\SmallAppBar.xaml(69,22): XamlC warning XC0022: Binding could be compiled to improve runtime performance if x:DataType is specified. See https://learn.microsoft.com/dotnet/maui/fundamentals/data-binding/compiled-bindings for more information. [C:\Users\helde\source\repos\MyVocaList\MyVocaList\MyVocaList.csproj::TargetFramework=net10.0-android]
C:\Users\helde\source\repos\MyVocaList\MyVocaList\UI\Components\AppBars\SmallAppBar.xaml(71,22): XamlC warning XC0022: Binding could be compiled to improve runtime performance if x:DataType is specified. See https://learn.microsoft.com/dotnet/maui/fundamentals/data-binding/compiled-bindings for more information. [C:\Users\helde\source\repos\MyVocaList\MyVocaList\MyVocaList.csproj::TargetFramework=net10.0-android]
C:\Users\helde\source\repos\MyVocaList\MyVocaList\UI\Components\AppBars\SmallAppBar.xaml(73,22): XamlC warning XC0022: Binding could be compiled to improve runtime performance if x:DataType is specified. See https://learn.microsoft.com/dotnet/maui/fundamentals/data-binding/compiled-bindings for more information. [C:\Users\helde\source\repos\MyVocaList\MyVocaList\MyVocaList.csproj::TargetFramework=net10.0-android]
C:\Users\helde\source\repos\MyVocaList\MyVocaList\UI\Components\AutocompleteField\AutocompleteField.xaml(20,13): XamlC warning XC0022: Binding could be compiled to improve runtime performance if x:DataType is specified. See https://learn.microsoft.com/dotnet/maui/fundamentals/data-binding/compiled-bindings for more information. [C:\Users\helde\source\repos\MyVocaList\MyVocaList\MyVocaList.csproj::TargetFramework=net10.0-android]
C:\Users\helde\source\repos\MyVocaList\MyVocaList\UI\Components\AutocompleteField\AutocompleteField.xaml(21,13): XamlC warning XC0022: Binding could be compiled to improve runtime performance if x:DataType is specified. See https://learn.microsoft.com/dotnet/maui/fundamentals/data-binding/compiled-bindings for more information. [C:\Users\helde\source\repos\MyVocaList\MyVocaList\MyVocaList.csproj::TargetFramework=net10.0-android]
C:\Users\helde\source\repos\MyVocaList\MyVocaList\UI\Components\CrudListView.xaml(28,25): XamlC warning XC0022: Binding could be compiled to improve runtime performance if x:DataType is specified. See https://learn.microsoft.com/dotnet/maui/fundamentals/data-binding/compiled-bindings for more information. [C:\Users\helde\source\repos\MyVocaList\MyVocaList\MyVocaList.csproj::TargetFramework=net10.0-android]
C:\Users\helde\source\repos\MyVocaList\MyVocaList\UI\Components\CrudListView.xaml(43,24): XamlC warning XC0022: Binding could be compiled to improve runtime performance if x:DataType is specified. See https://learn.microsoft.com/dotnet/maui/fundamentals/data-binding/compiled-bindings for more information. [C:\Users\helde\source\repos\MyVocaList\MyVocaList\MyVocaList.csproj::TargetFramework=net10.0-android]
C:\Users\helde\source\repos\MyVocaList\MyVocaList\UI\Components\CrudListView.xaml(45,24): XamlC warning XC0022: Binding could be compiled to improve runtime performance if x:DataType is specified. See https://learn.microsoft.com/dotnet/maui/fundamentals/data-binding/compiled-bindings for more information. [C:\Users\helde\source\repos\MyVocaList\MyVocaList\MyVocaList.csproj::TargetFramework=net10.0-android]
C:\Users\helde\source\repos\MyVocaList\MyVocaList\UI\Components\CrudListView.xaml(46,24): XamlC warning XC0022: Binding could be compiled to improve runtime performance if x:DataType is specified. See https://learn.microsoft.com/dotnet/maui/fundamentals/data-binding/compiled-bindings for more information. [C:\Users\helde\source\repos\MyVocaList\MyVocaList\MyVocaList.csproj::TargetFramework=net10.0-android]
C:\Users\helde\source\repos\MyVocaList\MyVocaList\UI\Components\CrudListView.xaml(47,24): XamlC warning XC0022: Binding could be compiled to improve runtime performance if x:DataType is specified. See https://learn.microsoft.com/dotnet/maui/fundamentals/data-binding/compiled-bindings for more information. [C:\Users\helde\source\repos\MyVocaList\MyVocaList\MyVocaList.csproj::TargetFramework=net10.0-android]
C:\Users\helde\source\repos\MyVocaList\MyVocaList\UI\Components\CrudListView.xaml(48,24): XamlC warning XC0022: Binding could be compiled to improve runtime performance if x:DataType is specified. See https://learn.microsoft.com/dotnet/maui/fundamentals/data-binding/compiled-bindings for more information. [C:\Users\helde\source\repos\MyVocaList\MyVocaList\MyVocaList.csproj::TargetFramework=net10.0-android]
C:\Users\helde\source\repos\MyVocaList\MyVocaList\UI\Components\CrudListView.xaml(54,24): XamlC warning XC0022: Binding could be compiled to improve runtime performance if x:DataType is specified. See https://learn.microsoft.com/dotnet/maui/fundamentals/data-binding/compiled-bindings for more information. [C:\Users\helde\source\repos\MyVocaList\MyVocaList\MyVocaList.csproj::TargetFramework=net10.0-android]
C:\Users\helde\source\repos\MyVocaList\MyVocaList\UI\Components\CrudListView.xaml(55,24): XamlC warning XC0022: Binding could be compiled to improve runtime performance if x:DataType is specified. See https://learn.microsoft.com/dotnet/maui/fundamentals/data-binding/compiled-bindings for more information. [C:\Users\helde\source\repos\MyVocaList\MyVocaList\MyVocaList.csproj::TargetFramework=net10.0-android]
C:\Users\helde\source\repos\MyVocaList\MyVocaList\UI\Components\CrudListView.xaml(63,13): XamlC warning XC0022: Binding could be compiled to improve runtime performance if x:DataType is specified. See https://learn.microsoft.com/dotnet/maui/fundamentals/data-binding/compiled-bindings for more information. [C:\Users\helde\source\repos\MyVocaList\MyVocaList\MyVocaList.csproj::TargetFramework=net10.0-android]
C:\Users\helde\source\repos\MyVocaList\MyVocaList\UI\Components\CrudListView.xaml(64,13): XamlC warning XC0022: Binding could be compiled to improve runtime performance if x:DataType is specified. See https://learn.microsoft.com/dotnet/maui/fundamentals/data-binding/compiled-bindings for more information. [C:\Users\helde\source\repos\MyVocaList\MyVocaList\MyVocaList.csproj::TargetFramework=net10.0-android]
C:\Users\helde\source\repos\MyVocaList\MyVocaList\UI\Components\CrudListView.xaml(65,13): XamlC warning XC0022: Binding could be compiled to improve runtime performance if x:DataType is specified. See https://learn.microsoft.com/dotnet/maui/fundamentals/data-binding/compiled-bindings for more information. [C:\Users\helde\source\repos\MyVocaList\MyVocaList\MyVocaList.csproj::TargetFramework=net10.0-android]
C:\Users\helde\source\repos\MyVocaList\MyVocaList\UI\Components\CrudListView.xaml(72,13): XamlC warning XC0022: Binding could be compiled to improve runtime performance if x:DataType is specified. See https://learn.microsoft.com/dotnet/maui/fundamentals/data-binding/compiled-bindings for more information. [C:\Users\helde\source\repos\MyVocaList\MyVocaList\MyVocaList.csproj::TargetFramework=net10.0-android]
C:\Users\helde\source\repos\MyVocaList\MyVocaList\UI\Components\CrudListView.xaml(84,17): XamlC warning XC0022: Binding could be compiled to improve runtime performance if x:DataType is specified. See https://learn.microsoft.com/dotnet/maui/fundamentals/data-binding/compiled-bindings for more information. [C:\Users\helde\source\repos\MyVocaList\MyVocaList\MyVocaList.csproj::TargetFramework=net10.0-android]
C:\Users\helde\source\repos\MyVocaList\MyVocaList\UI\Components\CrudListView.xaml(86,17): XamlC warning XC0022: Binding could be compiled to improve runtime performance if x:DataType is specified. See https://learn.microsoft.com/dotnet/maui/fundamentals/data-binding/compiled-bindings for more information. [C:\Users\helde\source\repos\MyVocaList\MyVocaList\MyVocaList.csproj::TargetFramework=net10.0-android]
C:\Users\helde\source\repos\MyVocaList\MyVocaList\UI\Components\CrudListView.xaml(88,17): XamlC warning XC0022: Binding could be compiled to improve runtime performance if x:DataType is specified. See https://learn.microsoft.com/dotnet/maui/fundamentals/data-binding/compiled-bindings for more information. [C:\Users\helde\source\repos\MyVocaList\MyVocaList\MyVocaList.csproj::TargetFramework=net10.0-android]
C:\Users\helde\source\repos\MyVocaList\MyVocaList\UI\Components\CrudListView.xaml(90,17): XamlC warning XC0022: Binding could be compiled to improve runtime performance if x:DataType is specified. See https://learn.microsoft.com/dotnet/maui/fundamentals/data-binding/compiled-bindings for more information. [C:\Users\helde\source\repos\MyVocaList\MyVocaList\MyVocaList.csproj::TargetFramework=net10.0-android]
C:\Users\helde\source\repos\MyVocaList\MyVocaList\UI\Components\CrudListView.xaml(92,17): XamlC warning XC0022: Binding could be compiled to improve runtime performance if x:DataType is specified. See https://learn.microsoft.com/dotnet/maui/fundamentals/data-binding/compiled-bindings for more information. [C:\Users\helde\source\repos\MyVocaList\MyVocaList\MyVocaList.csproj::TargetFramework=net10.0-android]
C:\Users\helde\source\repos\MyVocaList\MyVocaList\UI\Components\CrudListView.xaml(94,17): XamlC warning XC0022: Binding could be compiled to improve runtime performance if x:DataType is specified. See https://learn.microsoft.com/dotnet/maui/fundamentals/data-binding/compiled-bindings for more information. [C:\Users\helde\source\repos\MyVocaList\MyVocaList\MyVocaList.csproj::TargetFramework=net10.0-android]
C:\Users\helde\source\repos\MyVocaList\MyVocaList\UI\Components\CrudListView.xaml(96,26): XamlC warning XC0022: Binding could be compiled to improve runtime performance if x:DataType is specified. See https://learn.microsoft.com/dotnet/maui/fundamentals/data-binding/compiled-bindings for more information. [C:\Users\helde\source\repos\MyVocaList\MyVocaList\MyVocaList.csproj::TargetFramework=net10.0-android]
C:\Users\helde\source\repos\MyVocaList\MyVocaList\UI\Components\CrudListView.xaml(98,26): XamlC warning XC0022: Binding could be compiled to improve runtime performance if x:DataType is specified. See https://learn.microsoft.com/dotnet/maui/fundamentals/data-binding/compiled-bindings for more information. [C:\Users\helde\source\repos\MyVocaList\MyVocaList\MyVocaList.csproj::TargetFramework=net10.0-android]
C:\Users\helde\source\repos\MyVocaList\MyVocaList\UI\Components\CrudListView.xaml(99,26): XamlC warning XC0022: Binding could be compiled to improve runtime performance if x:DataType is specified. See https://learn.microsoft.com/dotnet/maui/fundamentals/data-binding/compiled-bindings for more information. [C:\Users\helde\source\repos\MyVocaList\MyVocaList\MyVocaList.csproj::TargetFramework=net10.0-android]
C:\Users\helde\source\repos\MyVocaList\MyVocaList\UI\Components\CrudListView.xaml(114,24): XamlC warning XC0022: Binding could be compiled to improve runtime performance if x:DataType is specified. See https://learn.microsoft.com/dotnet/maui/fundamentals/data-binding/compiled-bindings for more information. [C:\Users\helde\source\repos\MyVocaList\MyVocaList\MyVocaList.csproj::TargetFramework=net10.0-android]
C:\Users\helde\source\repos\MyVocaList\MyVocaList\UI\Components\CrudListView.xaml(120,30): XamlC warning XC0022: Binding could be compiled to improve runtime performance if x:DataType is specified. See https://learn.microsoft.com/dotnet/maui/fundamentals/data-binding/compiled-bindings for more information. [C:\Users\helde\source\repos\MyVocaList\MyVocaList\MyVocaList.csproj::TargetFramework=net10.0-android]
C:\Users\helde\source\repos\MyVocaList\MyVocaList\UI\Components\CrudListView.xaml(122,30): XamlC warning XC0022: Binding could be compiled to improve runtime performance if x:DataType is specified. See https://learn.microsoft.com/dotnet/maui/fundamentals/data-binding/compiled-bindings for more information. [C:\Users\helde\source\repos\MyVocaList\MyVocaList\MyVocaList.csproj::TargetFramework=net10.0-android]
C:\Users\helde\source\repos\MyVocaList\MyVocaList\UI\Components\CrudListView.xaml(126,30): XamlC warning XC0022: Binding could be compiled to improve runtime performance if x:DataType is specified. See https://learn.microsoft.com/dotnet/maui/fundamentals/data-binding/compiled-bindings for more information. [C:\Users\helde\source\repos\MyVocaList\MyVocaList\MyVocaList.csproj::TargetFramework=net10.0-android]
C:\Users\helde\source\repos\MyVocaList\MyVocaList\UI\Components\CurrentSingerCard.xaml(31,20): XamlC warning XC0022: Binding could be compiled to improve runtime performance if x:DataType is specified. See https://learn.microsoft.com/dotnet/maui/fundamentals/data-binding/compiled-bindings for more information. [C:\Users\helde\source\repos\MyVocaList\MyVocaList\MyVocaList.csproj::TargetFramework=net10.0-android]
C:\Users\helde\source\repos\MyVocaList\MyVocaList\UI\Components\CurrentSingerCard.xaml(41,20): XamlC warning XC0022: Binding could be compiled to improve runtime performance if x:DataType is specified. See https://learn.microsoft.com/dotnet/maui/fundamentals/data-binding/compiled-bindings for more information. [C:\Users\helde\source\repos\MyVocaList\MyVocaList\MyVocaList.csproj::TargetFramework=net10.0-android]
C:\Users\helde\source\repos\MyVocaList\MyVocaList\UI\Components\CurrentSingerCard.xaml(48,20): XamlC warning XC0022: Binding could be compiled to improve runtime performance if x:DataType is specified. See https://learn.microsoft.com/dotnet/maui/fundamentals/data-binding/compiled-bindings for more information. [C:\Users\helde\source\repos\MyVocaList\MyVocaList\MyVocaList.csproj::TargetFramework=net10.0-android]
C:\Users\helde\source\repos\MyVocaList\MyVocaList\UI\Components\CurrentSingerCard.xaml(54,20): XamlC warning XC0022: Binding could be compiled to improve runtime performance if x:DataType is specified. See https://learn.microsoft.com/dotnet/maui/fundamentals/data-binding/compiled-bindings for more information. [C:\Users\helde\source\repos\MyVocaList\MyVocaList\MyVocaList.csproj::TargetFramework=net10.0-android]
C:\Users\helde\source\repos\MyVocaList\MyVocaList\UI\Components\CurrentSingerCard.xaml(65,24): XamlC warning XC0022: Binding could be compiled to improve runtime performance if x:DataType is specified. See https://learn.microsoft.com/dotnet/maui/fundamentals/data-binding/compiled-bindings for more information. [C:\Users\helde\source\repos\MyVocaList\MyVocaList\MyVocaList.csproj::TargetFramework=net10.0-android]
C:\Users\helde\source\repos\MyVocaList\MyVocaList\UI\Components\Lists\ListItemLeadingIcon.xaml(12,9): XamlC warning XC0022: Binding could be compiled to improve runtime performance if x:DataType is specified. See https://learn.microsoft.com/dotnet/maui/fundamentals/data-binding/compiled-bindings for more information. [C:\Users\helde\source\repos\MyVocaList\MyVocaList\MyVocaList.csproj::TargetFramework=net10.0-android]
C:\Users\helde\source\repos\MyVocaList\MyVocaList\UI\Components\Lists\ListItemLeadingIcon.xaml(13,9): XamlC warning XC0022: Binding could be compiled to improve runtime performance if x:DataType is specified. See https://learn.microsoft.com/dotnet/maui/fundamentals/data-binding/compiled-bindings for more information. [C:\Users\helde\source\repos\MyVocaList\MyVocaList\MyVocaList.csproj::TargetFramework=net10.0-android]
C:\Users\helde\source\repos\MyVocaList\MyVocaList\UI\Components\Lists\ListItemLeadingImage.xaml(15,13): XamlC warning XC0022: Binding could be compiled to improve runtime performance if x:DataType is specified. See https://learn.microsoft.com/dotnet/maui/fundamentals/data-binding/compiled-bindings for more information. [C:\Users\helde\source\repos\MyVocaList\MyVocaList\MyVocaList.csproj::TargetFramework=net10.0-android]
C:\Users\helde\source\repos\MyVocaList\MyVocaList\UI\Components\Lists\ListItemLeadingImage.xaml(16,13): XamlC warning XC0022: Binding could be compiled to improve runtime performance if x:DataType is specified. See https://learn.microsoft.com/dotnet/maui/fundamentals/data-binding/compiled-bindings for more information. [C:\Users\helde\source\repos\MyVocaList\MyVocaList\MyVocaList.csproj::TargetFramework=net10.0-android]
C:\Users\helde\source\repos\MyVocaList\MyVocaList\UI\Components\Lists\ListItemLeadingMonogram.xaml(13,9): XamlC warning XC0022: Binding could be compiled to improve runtime performance if x:DataType is specified. See https://learn.microsoft.com/dotnet/maui/fundamentals/data-binding/compiled-bindings for more information. [C:\Users\helde\source\repos\MyVocaList\MyVocaList\MyVocaList.csproj::TargetFramework=net10.0-android]
C:\Users\helde\source\repos\MyVocaList\MyVocaList\UI\Components\Lists\ListItemLeadingMonogram.xaml(16,13): XamlC warning XC0022: Binding could be compiled to improve runtime performance if x:DataType is specified. See https://learn.microsoft.com/dotnet/maui/fundamentals/data-binding/compiled-bindings for more information. [C:\Users\helde\source\repos\MyVocaList\MyVocaList\MyVocaList.csproj::TargetFramework=net10.0-android]
C:\Users\helde\source\repos\MyVocaList\MyVocaList\UI\Components\Lists\ListItemLeadingMonogram.xaml(18,13): XamlC warning XC0022: Binding could be compiled to improve runtime performance if x:DataType is specified. See https://learn.microsoft.com/dotnet/maui/fundamentals/data-binding/compiled-bindings for more information. [C:\Users\helde\source\repos\MyVocaList\MyVocaList\MyVocaList.csproj::TargetFramework=net10.0-android]
C:\Users\helde\source\repos\MyVocaList\MyVocaList\UI\Components\QueueListItem.xaml(21,16): XamlC warning XC0022: Binding could be compiled to improve runtime performance if x:DataType is specified. See https://learn.microsoft.com/dotnet/maui/fundamentals/data-binding/compiled-bindings for more information. [C:\Users\helde\source\repos\MyVocaList\MyVocaList\MyVocaList.csproj::TargetFramework=net10.0-android]
C:\Users\helde\source\repos\MyVocaList\MyVocaList\UI\Components\QueueListItem.xaml(32,16): XamlC warning XC0022: Binding could be compiled to improve runtime performance if x:DataType is specified. See https://learn.microsoft.com/dotnet/maui/fundamentals/data-binding/compiled-bindings for more information. [C:\Users\helde\source\repos\MyVocaList\MyVocaList\MyVocaList.csproj::TargetFramework=net10.0-android]
C:\Users\helde\source\repos\MyVocaList\MyVocaList\UI\Components\QueueListItem.xaml(39,16): XamlC warning XC0022: Binding could be compiled to improve runtime performance if x:DataType is specified. See https://learn.microsoft.com/dotnet/maui/fundamentals/data-binding/compiled-bindings for more information. [C:\Users\helde\source\repos\MyVocaList\MyVocaList\MyVocaList.csproj::TargetFramework=net10.0-android]
C:\Users\helde\source\repos\MyVocaList\MyVocaList\UI\Components\QueueListItem.xaml(52,20): XamlC warning XC0022: Binding could be compiled to improve runtime performance if x:DataType is specified. See https://learn.microsoft.com/dotnet/maui/fundamentals/data-binding/compiled-bindings for more information. [C:\Users\helde\source\repos\MyVocaList\MyVocaList\MyVocaList.csproj::TargetFramework=net10.0-android]
C:\Users\helde\source\repos\MyVocaList\MyVocaList\UI\Components\Sheets\ConfirmSheet.xaml(32,26): XamlC warning XC0022: Binding could be compiled to improve runtime performance if x:DataType is specified. See https://learn.microsoft.com/dotnet/maui/fundamentals/data-binding/compiled-bindings for more information. [C:\Users\helde\source\repos\MyVocaList\MyVocaList\MyVocaList.csproj::TargetFramework=net10.0-android]
C:\Users\helde\source\repos\MyVocaList\MyVocaList\UI\Components\Sheets\ConfirmSheet.xaml(36,26): XamlC warning XC0022: Binding could be compiled to improve runtime performance if x:DataType is specified. See https://learn.microsoft.com/dotnet/maui/fundamentals/data-binding/compiled-bindings for more information. [C:\Users\helde\source\repos\MyVocaList\MyVocaList\MyVocaList.csproj::TargetFramework=net10.0-android]
C:\Users\helde\source\repos\MyVocaList\MyVocaList\UI\Components\States\EmptyState.xaml(22,22): XamlC warning XC0022: Binding could be compiled to improve runtime performance if x:DataType is specified. See https://learn.microsoft.com/dotnet/maui/fundamentals/data-binding/compiled-bindings for more information. [C:\Users\helde\source\repos\MyVocaList\MyVocaList\MyVocaList.csproj::TargetFramework=net10.0-android]
C:\Users\helde\source\repos\MyVocaList\MyVocaList\UI\Components\States\EmptyState.xaml(27,16): XamlC warning XC0022: Binding could be compiled to improve runtime performance if x:DataType is specified. See https://learn.microsoft.com/dotnet/maui/fundamentals/data-binding/compiled-bindings for more information. [C:\Users\helde\source\repos\MyVocaList\MyVocaList\MyVocaList.csproj::TargetFramework=net10.0-android]
C:\Users\helde\source\repos\MyVocaList\MyVocaList\UI\Components\States\EmptyState.xaml(34,16): XamlC warning XC0022: Binding could be compiled to improve runtime performance if x:DataType is specified. See https://learn.microsoft.com/dotnet/maui/fundamentals/data-binding/compiled-bindings for more information. [C:\Users\helde\source\repos\MyVocaList\MyVocaList\MyVocaList.csproj::TargetFramework=net10.0-android]
C:\Users\helde\source\repos\MyVocaList\MyVocaList\UI\Components\Toolbars\FloatingToolbar.xaml(28,26): XamlC warning XC0022: Binding could be compiled to improve runtime performance if x:DataType is specified. See https://learn.microsoft.com/dotnet/maui/fundamentals/data-binding/compiled-bindings for more information. [C:\Users\helde\source\repos\MyVocaList\MyVocaList\MyVocaList.csproj::TargetFramework=net10.0-android]
C:\Users\helde\source\repos\MyVocaList\MyVocaList\UI\Components\Toolbars\FloatingToolbar.xaml(30,26): XamlC warning XC0022: Binding could be compiled to improve runtime performance if x:DataType is specified. See https://learn.microsoft.com/dotnet/maui/fundamentals/data-binding/compiled-bindings for more information. [C:\Users\helde\source\repos\MyVocaList\MyVocaList\MyVocaList.csproj::TargetFramework=net10.0-android]
C:\Users\helde\source\repos\MyVocaList\MyVocaList\UI\Components\Toolbars\FloatingToolbar.xaml(31,26): XamlC warning XC0022: Binding could be compiled to improve runtime performance if x:DataType is specified. See https://learn.microsoft.com/dotnet/maui/fundamentals/data-binding/compiled-bindings for more information. [C:\Users\helde\source\repos\MyVocaList\MyVocaList\MyVocaList.csproj::TargetFramework=net10.0-android]
C:\Users\helde\source\repos\MyVocaList\MyVocaList\UI\Components\Toolbars\FloatingToolbar.xaml(32,26): XamlC warning XC0022: Binding could be compiled to improve runtime performance if x:DataType is specified. See https://learn.microsoft.com/dotnet/maui/fundamentals/data-binding/compiled-bindings for more information. [C:\Users\helde\source\repos\MyVocaList\MyVocaList\MyVocaList.csproj::TargetFramework=net10.0-android]
C:\Users\helde\source\repos\MyVocaList\MyVocaList\UI\Components\Toolbars\FloatingToolbar.xaml(36,26): XamlC warning XC0022: Binding could be compiled to improve runtime performance if x:DataType is specified. See https://learn.microsoft.com/dotnet/maui/fundamentals/data-binding/compiled-bindings for more information. [C:\Users\helde\source\repos\MyVocaList\MyVocaList\MyVocaList.csproj::TargetFramework=net10.0-android]
C:\Users\helde\source\repos\MyVocaList\MyVocaList\UI\Components\Toolbars\FloatingToolbar.xaml(38,26): XamlC warning XC0022: Binding could be compiled to improve runtime performance if x:DataType is specified. See https://learn.microsoft.com/dotnet/maui/fundamentals/data-binding/compiled-bindings for more information. [C:\Users\helde\source\repos\MyVocaList\MyVocaList\MyVocaList.csproj::TargetFramework=net10.0-android]
C:\Users\helde\source\repos\MyVocaList\MyVocaList\UI\Components\Toolbars\FloatingToolbar.xaml(39,26): XamlC warning XC0022: Binding could be compiled to improve runtime performance if x:DataType is specified. See https://learn.microsoft.com/dotnet/maui/fundamentals/data-binding/compiled-bindings for more information. [C:\Users\helde\source\repos\MyVocaList\MyVocaList\MyVocaList.csproj::TargetFramework=net10.0-android]
C:\Users\helde\source\repos\MyVocaList\MyVocaList\UI\Components\Toolbars\FloatingToolbar.xaml(40,26): XamlC warning XC0022: Binding could be compiled to improve runtime performance if x:DataType is specified. See https://learn.microsoft.com/dotnet/maui/fundamentals/data-binding/compiled-bindings for more information. [C:\Users\helde\source\repos\MyVocaList\MyVocaList\MyVocaList.csproj::TargetFramework=net10.0-android]
C:\Users\helde\source\repos\MyVocaList\MyVocaList\UI\Components\Toolbars\FloatingToolbar.xaml(44,26): XamlC warning XC0022: Binding could be compiled to improve runtime performance if x:DataType is specified. See https://learn.microsoft.com/dotnet/maui/fundamentals/data-binding/compiled-bindings for more information. [C:\Users\helde\source\repos\MyVocaList\MyVocaList\MyVocaList.csproj::TargetFramework=net10.0-android]
C:\Users\helde\source\repos\MyVocaList\MyVocaList\UI\Components\Toolbars\FloatingToolbar.xaml(46,26): XamlC warning XC0022: Binding could be compiled to improve runtime performance if x:DataType is specified. See https://learn.microsoft.com/dotnet/maui/fundamentals/data-binding/compiled-bindings for more information. [C:\Users\helde\source\repos\MyVocaList\MyVocaList\MyVocaList.csproj::TargetFramework=net10.0-android]
C:\Users\helde\source\repos\MyVocaList\MyVocaList\UI\Components\Toolbars\FloatingToolbar.xaml(47,26): XamlC warning XC0022: Binding could be compiled to improve runtime performance if x:DataType is specified. See https://learn.microsoft.com/dotnet/maui/fundamentals/data-binding/compiled-bindings for more information. [C:\Users\helde\source\repos\MyVocaList\MyVocaList\MyVocaList.csproj::TargetFramework=net10.0-android]
C:\Users\helde\source\repos\MyVocaList\MyVocaList\UI\Components\Toolbars\FloatingToolbar.xaml(48,26): XamlC warning XC0022: Binding could be compiled to improve runtime performance if x:DataType is specified. See https://learn.microsoft.com/dotnet/maui/fundamentals/data-binding/compiled-bindings for more information. [C:\Users\helde\source\repos\MyVocaList\MyVocaList\MyVocaList.csproj::TargetFramework=net10.0-android]
C:\Users\helde\source\repos\MyVocaList\MyVocaList\UI\Components\Toolbars\FloatingToolbar.xaml(52,26): XamlC warning XC0022: Binding could be compiled to improve runtime performance if x:DataType is specified. See https://learn.microsoft.com/dotnet/maui/fundamentals/data-binding/compiled-bindings for more information. [C:\Users\helde\source\repos\MyVocaList\MyVocaList\MyVocaList.csproj::TargetFramework=net10.0-android]
C:\Users\helde\source\repos\MyVocaList\MyVocaList\UI\Components\Toolbars\FloatingToolbar.xaml(54,26): XamlC warning XC0022: Binding could be compiled to improve runtime performance if x:DataType is specified. See https://learn.microsoft.com/dotnet/maui/fundamentals/data-binding/compiled-bindings for more information. [C:\Users\helde\source\repos\MyVocaList\MyVocaList\MyVocaList.csproj::TargetFramework=net10.0-android]
C:\Users\helde\source\repos\MyVocaList\MyVocaList\UI\Components\Toolbars\FloatingToolbar.xaml(55,26): XamlC warning XC0022: Binding could be compiled to improve runtime performance if x:DataType is specified. See https://learn.microsoft.com/dotnet/maui/fundamentals/data-binding/compiled-bindings for more information. [C:\Users\helde\source\repos\MyVocaList\MyVocaList\MyVocaList.csproj::TargetFramework=net10.0-android]
C:\Users\helde\source\repos\MyVocaList\MyVocaList\UI\Components\Toolbars\FloatingToolbar.xaml(56,26): XamlC warning XC0022: Binding could be compiled to improve runtime performance if x:DataType is specified. See https://learn.microsoft.com/dotnet/maui/fundamentals/data-binding/compiled-bindings for more information. [C:\Users\helde\source\repos\MyVocaList\MyVocaList\MyVocaList.csproj::TargetFramework=net10.0-android]
C:\Users\helde\source\repos\MyVocaList\MyVocaList\UI\Components\Toolbars\FloatingToolbar.xaml(60,26): XamlC warning XC0022: Binding could be compiled to improve runtime performance if x:DataType is specified. See https://learn.microsoft.com/dotnet/maui/fundamentals/data-binding/compiled-bindings for more information. [C:\Users\helde\source\repos\MyVocaList\MyVocaList\MyVocaList.csproj::TargetFramework=net10.0-android]
C:\Users\helde\source\repos\MyVocaList\MyVocaList\UI\Components\Toolbars\FloatingToolbar.xaml(62,26): XamlC warning XC0022: Binding could be compiled to improve runtime performance if x:DataType is specified. See https://learn.microsoft.com/dotnet/maui/fundamentals/data-binding/compiled-bindings for more information. [C:\Users\helde\source\repos\MyVocaList\MyVocaList\MyVocaList.csproj::TargetFramework=net10.0-android]
C:\Users\helde\source\repos\MyVocaList\MyVocaList\UI\Components\Toolbars\FloatingToolbar.xaml(63,26): XamlC warning XC0022: Binding could be compiled to improve runtime performance if x:DataType is specified. See https://learn.microsoft.com/dotnet/maui/fundamentals/data-binding/compiled-bindings for more information. [C:\Users\helde\source\repos\MyVocaList\MyVocaList\MyVocaList.csproj::TargetFramework=net10.0-android]
C:\Users\helde\source\repos\MyVocaList\MyVocaList\UI\Components\Toolbars\FloatingToolbar.xaml(64,26): XamlC warning XC0022: Binding could be compiled to improve runtime performance if x:DataType is specified. See https://learn.microsoft.com/dotnet/maui/fundamentals/data-binding/compiled-bindings for more information. [C:\Users\helde\source\repos\MyVocaList\MyVocaList\MyVocaList.csproj::TargetFramework=net10.0-android]
C:\Users\helde\source\repos\MyVocaList\MyVocaList\UI\Pages\Queue\PersonPickerPage.xaml(30,13): XamlC error XC0009: No property, BindableProperty, or event found for "SelectionChangedCommand", or mismatching type between value and property. [C:\Users\helde\source\repos\MyVocaList\MyVocaList\MyVocaList.csproj::TargetFramework=net10.0-android]
    102 Aviso(s)
    1 Erro(s)

Tempo Decorrido 00:00:12.49
